1track    /models/tracks_1track.gltf
1track500l    /models/tracks_1track500l.gltf
1track500r    /models/tracks_1track500r.gltf
1track1000l    /models/tracks_1track1000l.gltf
1track1000r    /models/tracks_1track1000r.gltf
1track2000l    /models/tracks_1track2000l.gltf
1track2000r    /models/tracks_1track2000r.gltf
1track1-2    /models/tracks_1track1-2.gltf
1track1+2    /models/tracks_1track1+2.gltf
1track2-1    /models/tracks_1track2-1.gltf
1track2+1    /models/tracks_1track2+1.gltf
2track2+2    /models/tracks_2track2+2.gltf
2track2-2    /models/tracks_2track2-2.gltf
op0l    /models/ks_op0l.gltf
op0r    /models/ks_op0r.gltf
op1l    /models/ks_op1l.gltf
op1r    /models/ks_op1r.gltf
op2l    /models/ks_op2l.gltf
op2r    /models/ks_op2r.gltf
op3l    /models/ks_op3l.gltf
op3r    /models/ks_op3r.gltf
op4l    /models/ks_op4l.gltf
op4r    /models/ks_op4r.gltf
op5l    /models/ks_op5l.gltf
op5r    /models/ks_op5r.gltf
opkl    /models/ks_opkl.gltf
opkr    /models/ks_opkr.gltf
opk-500l    /models/ks_opk-500l.gltf
opk-500r    /models/ks_opk-500r.gltf
opk500l    /models/ks_opk500l.gltf
opk500r    /models/ks_opk500r.gltf
opk-1000l    /models/ks_opk-1000l.gltf
opk-1000r    /models/ks_opk-1000r.gltf
opk1000l    /models/ks_opk1000l.gltf
opk1000r    /models/ks_opk1000r.gltf
opk-2000l    /models/ks_opk-2000l.gltf
opk-2000r    /models/ks_opk-2000r.gltf
opk2000l    /models/ks_opk2000l.gltf
opk2000r    /models/ks_opk2000r.gltf
wirer    /models/ks_wire.gltf
wirel    /models/ks_wire.gltf
wire-500l    /models/ks_wire-500l.gltf
wire500l    /models/ks_wire500l.gltf
wire-500r    /models/ks_wire-500r.gltf
wire500r    /models/ks_wire500r.gltf
wire-1000l    /models/ks_wire-1000l.gltf
wire1000l    /models/ks_wire1000l.gltf
wire-1000r    /models/ks_wire-1000r.gltf
wire1000r    /models/ks_wire1000r.gltf
wire-2000l    /models/ks_wire-2000l.gltf
wire2000l    /models/ks_wire2000l.gltf
wire-2000r    /models/ks_wire-2000r.gltf
wire2000r    /models/ks_wire2000r.gltf
wire_switch    /models/ks_wire_switch.gltf
FloorR    /models/floorr.gltf
FloorL    /models/floorl.gltf
SteepR    /models/steepr.gltf
SteepL    /models/steepl.gltf
field0L    /models/polel.gltf
field0R    /models/poler.gltf
signal_line    /models/signal_line.gltf
signal_pred    /models/signal_pred.gltf
signal_enter    /models/signal_enter.gltf
signal_exit    /models/signal_exit.gltf
sig_povt    /models/sig_povt.gltf
sig_povt_k    /models/sig_povt_k.gltf
signal_zag    /models/signal_zag.gltf
sig_m2m    /models/sig_m2.gltf
sig_k2m    /models/sig_k2.gltf
sig_k5p    /models/sig_k5.gltf
sig_k4p    /models/sig_k4.gltf
sig_k3p    /models/sig_k3.gltf
plate    /models/plate.gltf
