1track    /models/tracks/1track.gltf
1track1+2    /models/tracks/1track1+2.gltf
1track1-2    /models/tracks/1track1-2.gltf
1track1000l    /models/tracks/1track1000l.gltf
1track1000r    /models/tracks/1track1000r.gltf
1track2+1    /models/tracks/1track2+1.gltf
1track2-1    /models/tracks/1track2-1.gltf
1track2000l    /models/tracks/1track2000l.gltf
1track2000r    /models/tracks/1track2000r.gltf
1track500l    /models/tracks/1track500l.gltf
1track500r    /models/tracks/1track500r.gltf
2track2+2    /models/tracks/2track2+2.gltf
2track2-2    /models/tracks/2track2-2.gltf
FloorL    /models/FloorL.gltf
FloorR    /models/FloorR.gltf
SteepL    /models/SteepL.gltf
SteepR    /models/SteepR.gltf
field0L    /models/poleL.gltf
field0R    /models/poleR.gltf
op0l    /models/ks/op0l.gltf
op0r    /models/ks/op0r.gltf
op1l    /models/ks/op1l.gltf
op1r    /models/ks/op1r.gltf
op2l    /models/ks/op2l.gltf
op2r    /models/ks/op2r.gltf
op3l    /models/ks/op3l.gltf
op3r    /models/ks/op3r.gltf
op4l    /models/ks/op4l.gltf
op4r    /models/ks/op4r.gltf
op5l    /models/ks/op5l.gltf
op5r    /models/ks/op5r.gltf
opk-1000l    /models/ks/opk-1000l.gltf
opk-1000r    /models/ks/opk-1000r.gltf
opk-2000l    /models/ks/opk-2000l.gltf
opk-2000r    /models/ks/opk-2000r.gltf
opk-500l    /models/ks/opk-500l.gltf
opk-500r    /models/ks/opk-500r.gltf
opk1000l    /models/ks/opk1000l.gltf
opk1000r    /models/ks/opk1000r.gltf
opk2000l    /models/ks/opk2000l.gltf
opk2000r    /models/ks/opk2000r.gltf
opk500l    /models/ks/opk500l.gltf
opk500r    /models/ks/opk500r.gltf
opkl    /models/ks/opkl.gltf
opkr    /models/ks/opkr.gltf
plate    /models/plate.gltf
sig_k2m    /models/sig_k2.gltf
sig_k3p    /models/sig_k3.gltf
sig_k4p    /models/sig_k4.gltf
sig_k5p    /models/sig_k5.gltf
sig_m2m    /models/sig_m2.gltf
sig_povt    /models/sig_povt.gltf
sig_povt_k    /models/sig_povt_k.gltf
signal_enter    /models/signal_enter.gltf
signal_exit    /models/signal_exit.gltf
signal_line    /models/signal_line.gltf
signal_pred    /models/signal_pred.gltf
signal_zag    /models/signal_zag.gltf
wire-1000l    /models/ks/wire-1000l.gltf
wire-1000r    /models/ks/wire-1000r.gltf
wire-2000l    /models/ks/wire-2000l.gltf
wire-2000r    /models/ks/wire-2000r.gltf
wire-500l    /models/ks/wire-500l.gltf
wire-500r    /models/ks/wire-500r.gltf
wire1000l    /models/ks/wire1000l.gltf
wire1000r    /models/ks/wire1000r.gltf
wire2000l    /models/ks/wire2000l.gltf
wire2000r    /models/ks/wire2000r.gltf
wire500l    /models/ks/wire500l.gltf
wire500r    /models/ks/wire500r.gltf
wire_switch    /models/ks/wire_switch.gltf
wirel    /models/ks/wire.gltf
wirer    /models/ks/wire.gltf
