1track	/models/tracks/1track.gltf
1track1+2	/models/tracks/1track1+2.gltf
1track1-2	/models/tracks/1track1-2.gltf
1track2+1	/models/tracks/1track2+1.gltf
1track2-1	/models/tracks/1track2-1.gltf
2track2+2	/models/tracks/2track2+2.gltf
2track2-2	/models/tracks/2track2-2.gltf
FloorL	/models/FloorL.gltf
FloorR	/models/FloorR.gltf
field0L	/models/poleL.gltf
field0R	/models/poleR.gltf
op1r	/models/ks/op1r.gltf
op2l	/models/ks/op2l.gltf
opkl	/models/ks/opkl.gltf
opkr	/models/ks/opkr.gltf
wire_switch	/models/ks/wire_switch.gltf
wirel	/models/ks/wire_KontSet.gltf
wirer	/models/ks/wire_KontSet.gltf
