1dprl_48	/models/1dprl_48.gltf
1dprl_4850	/models/1dprl_4850.gltf
1dprl_49	/models/1dprl_49.gltf
1dprl_4950	/models/1dprl_4950.gltf
1dprl_50	/models/1dprl_50.gltf
1dprl_5050	/models/1dprl_5050.gltf
1dprl_51	/models/1dprl_51.gltf
1dprl_5150	/models/1dprl_5150.gltf
1dprl_52	/models/1dprl_52.gltf
1dprr_48	/models/1dprr_48.gltf
1dprr_4850	/models/1dprr_4850.gltf
1dprr_49	/models/1dprr_49.gltf
1dprr_4950	/models/1dprr_4950.gltf
1dprr_50	/models/1dprr_50.gltf
1dprr_5050	/models/1dprr_5050.gltf
1dprr_51	/models/1dprr_51.gltf
1dprr_5150	/models/1dprr_5150.gltf
1dprr_52	/models/1dprr_52.gltf
1nasip500l	/models/1nasip500l.gltf
1nasip500r	/models/1nasip500r.gltf
1nasip_10_TSM	/models/1nasip_10_TSM.gltf
1nasip_15_TSM	/models/1nasip_15_TSM.gltf
1nasip_20_TSM	/models/1nasip_20_TSM.gltf
1nasip_25_TSM	/models/1nasip_25_TSM.gltf
1nasip_30_TSM	/models/1nasip_30_TSM.gltf
1nasip_35_TSM	/models/1nasip_35_TSM.gltf
1nasip_40_TSM	/models/1nasip_40_TSM.gltf
1nasip_45_TSM	/models/1nasip_45_TSM.gltf
1nasip_50_TSM	/models/1nasip_50_TSM.gltf
1nasip_55_TSM	/models/1nasip_55_TSM.gltf
1nasip_5_TSM	/models/1nasip_5_TSM.gltf
1nasip_60_TSM	/models/1nasip_60_TSM.gltf
1nasip_65_TSM	/models/1nasip_65_TSM.gltf
1nasip_70_TSM	/models/1nasip_70_TSM.gltf
1nasip_75_TSM	/models/1nasip_75_TSM.gltf
1nasip_80_TSM	/models/1nasip_80_TSM.gltf
1nasip_85_TSM	/models/1nasip_85_TSM.gltf
1nasip_90_TSM	/models/1nasip_90_TSM.gltf
1nasip_95_TSM	/models/1nasip_95_TSM.gltf
1nasip_TSM	/models/1nasip_TSM_nasip_TSM.gltf
1nasip_TSM_1	/models/1nasip_TSM_nasip_TSM_1.gltf
1op0l4	/models/1op0l4.gltf
1op0l4.1	/models/1op0l4.1.gltf
1op0l4.1_	/models/1op0l4.1_.gltf
1op0l4.2	/models/1op0l4.2.gltf
1op0l4.3	/models/1op0l4.3.gltf
1op0l4.3_	/models/1op0l4.3_.gltf
1op0l4.4	/models/1op0l4.4.gltf
1op0l4.5	/models/1op0l4.5.gltf
1op0l4.6	/models/1op0l4.6.gltf
1op0r4	/models/1op0r4.gltf
1op0r4.1	/models/1op0r4.1.gltf
1op0r4.1_	/models/1op0r4.1_.gltf
1op0r4.2	/models/1op0r4.2.gltf
1op0r4.3	/models/1op0r4.3.gltf
1op0r4.3_	/models/1op0r4.3_.gltf
1op0r4.4	/models/1op0r4.4.gltf
1op0r4.5	/models/1op0r4.5.gltf
1op0r4.6	/models/1op0r4.6.gltf
1op4.1_	/models/1op4.1_.gltf
1op4.3_	/models/1op4.3_.gltf
1op4_	/models/1op4_.gltf
1r_100mAsf	/models/1r_100mAsf.gltf
1r_100mAsf1	/models/1r_100mAsf1.gltf
1r_100mPros	/models/1r_100mPros.gltf
1r_100mPros1	/models/1r_100mPros1.gltf
1track1+2_5.5_TSM	/models/1track1+2_5.5_TSM.gltf
1track1-2_5.5_TSM	/models/1track1-2_5.5_TSM.gltf
1track2+1_5.5_TSM	/models/1track2+1_5.5_TSM.gltf
1track2-1_5.5_TSM	/models/1track2-1_5.5_TSM.gltf
1track_10_TSM	/models/1track_10_TSM.gltf
1track_10_der_TSM	/models/1track_10_der_TSM.gltf
1track_15_TSM	/models/1track_15_TSM.gltf
1track_15_der_TSM	/models/1track_15_der_TSM.gltf
1track_200_TSM	/models/1track_200_TSM.gltf
1track_200_der_TSM	/models/1track_200_der_TSM.gltf
1track_20_TSM	/models/1track_20_TSM.gltf
1track_20_der_TSM	/models/1track_20_der_TSM.gltf
1track_250_TSM	/models/1track_250_TSM.gltf
1track_250_der_TSM	/models/1track_250_der_TSM.gltf
1track_25_TSM	/models/1track_25_TSM.gltf
1track_25_der_TSM	/models/1track_25_der_TSM.gltf
1track_30_TSM	/models/1track_30_TSM.gltf
1track_30_der_TSM	/models/1track_30_der_TSM.gltf
1track_35_TSM	/models/1track_35_TSM.gltf
1track_35_der_TSM	/models/1track_35_der_TSM.gltf
1track_40_TSM	/models/1track_40_TSM.gltf
1track_40_der_TSM	/models/1track_40_der_TSM.gltf
1track_45_TSM	/models/1track_45_TSM.gltf
1track_45_der_TSM	/models/1track_45_der_TSM.gltf
1track_50_TSM	/models/1track_50_TSM.gltf
1track_50_der_TSM	/models/1track_50_der_TSM.gltf
1track_55_TSM	/models/1track_55_TSM.gltf
1track_55_der_TSM	/models/1track_55_der_TSM.gltf
1track_5_TSM	/models/1track_5_TSM.gltf
1track_5_der_TSM	/models/1track_5_der_TSM.gltf
1track_60_TSM	/models/1track_60_TSM.gltf
1track_60_der_TSM	/models/1track_60_der_TSM.gltf
1track_65_TSM	/models/1track_65_TSM.gltf
1track_65_der_TSM	/models/1track_65_der_TSM.gltf
1track_70_TSM	/models/1track_70_TSM.gltf
1track_70_der_TSM	/models/1track_70_der_TSM.gltf
1track_75_TSM	/models/1track_75_TSM.gltf
1track_75_der_TSM	/models/1track_75_der_TSM.gltf
1track_80_TSM	/models/1track_80_TSM.gltf
1track_80_der_TSM	/models/1track_80_der_TSM.gltf
1track_85_TSM	/models/1track_85_TSM.gltf
1track_85_der_TSM	/models/1track_85_der_TSM.gltf
1track_90_TSM	/models/1track_90_TSM.gltf
1track_90_der_TSM	/models/1track_90_der_TSM.gltf
1track_95_TSM	/models/1track_95_TSM.gltf
1track_95_der_TSM	/models/1track_95_der_TSM.gltf
1track_TSM	/models/1track_TSM_TBB_Rails.gltf
1track_TSM_1	/models/1track_TSM_TBB_Rails_1.gltf
1track_der_TSM	/models/1track_der_TSM_TBB_Rails.gltf
1track_der_TSM_1	/models/1track_der_TSM_TBB_Rails_1.gltf
1track_s_4	/models/1track_s_4.gltf
2track2+2_5.5_TSM	/models/2track2+2_5.5_TSM.gltf
2track2+2_5.5_der_TSM	/models/2track2+2_5.5_der_TSM.gltf
2track2-2_5.5_TSM	/models/2track2-2_5.5_TSM.gltf
2track2-2_5.5_der_TSM	/models/2track2-2_5.5_der_TSM.gltf
FloorL	/models/floorL.gltf
FloorR	/models/floorR.gltf
KP30m_back	/models/KP30m_back.gltf
KP30m_front	/models/KP30m_front.gltf
KP40m_back	/models/KP40m_back.gltf
KP40m_front	/models/KP40m_front.gltf
KP_back	/models/KP_back.gltf
KP_front	/models/KP_front.gltf
KPt40m_back	/models/KPt40m_back.gltf
KPt40m_front	/models/KPt40m_front.gltf
KPt_back	/models/KPt_back.gltf
KPt_front	/models/KPt_front.gltf
KZDM_100m_zab	/models/KZDM_100m_zab.gltf
KZDM_10m_zab	/models/KZDM_10m_zab.gltf
KZDM_arka_127m	/models/KZDM_arka_127m.gltf
KZDM_opk1l	/models/KZDM_opk1l.gltf
KZDM_opk1r	/models/KZDM_opk1r.gltf
KZDM_opkr	/models/KZDM_opkr.gltf
KZDM_opora1	/models/opora1_kzdm.gltf
KZDM_opora2	/models/opora2_kzdm.gltf
KZDM_opora3	/models/opora3_kzdm.gltf
LEP10kV_T_50m	/models/LEP10kV_T_50m.gltf
LEP50kV_2	/models/LEP50kV_2.gltf
L_pl_20_zab	/models/platform_uz_L20_zab.gltf
L_pl_plita	/models/platform_plita_l.gltf
R_pl_20_zab	/models/platform_uz_R20_zab.gltf
R_pl_plita	/models/platform_plita_r.gltf
SteepL	/models/steepL.gltf
SteepR	/models/steepR.gltf
TSM_Jction_1d9_L_Nz	/models/TSM_Jction_1d9_L_Nz.gltf
TSM_Jction_1d9_L_Pr	/models/TSM_Jction_1d9_L_Pr.gltf
TSM_Jction_1d9_R_Nz	/models/TSM_Jction_1d9_R_Nz.gltf
TSM_Jction_1d9_R_Pr	/models/TSM_Jction_1d9_R_Pr.gltf
TSM_Jction_1l11_L_Nz	/models/TSM_Jction_1l11_L_Nz.gltf
TSM_Jction_1l11_L_Pr	/models/TSM_Jction_1l11_L_Pr.gltf
TSM_Jction_1l11_R_Nz	/models/TSM_Jction_1l11_R_Nz.gltf
TSM_Jction_1l11_R_Pr	/models/TSM_Jction_1l11_R_Pr.gltf
TSM_Jction_1l9_L_Nz	/models/TSM_Jction_1l9_L_Nz.gltf
TSM_Jction_1l9_L_Pr	/models/TSM_Jction_1l9_L_Pr.gltf
TSM_Jction_1l9_R_Nz	/models/TSM_Jction_1l9_R_Nz.gltf
TSM_Jction_1l9_R_Pr	/models/TSM_Jction_1l9_R_Pr.gltf
TSM_nasip_1l9_L_Nz	/models/TSM_nasip_1l9_L_Nz.gltf
TSM_nasip_1l9_L_Pr	/models/TSM_nasip_1l9_L_Pr.gltf
TSM_nasip_1l9_R_Nz	/models/TSM_nasip_1l9_R_Nz.gltf
TSM_nasip_1l9_R_Pr	/models/TSM_nasip_1l9_R_Pr.gltf
TSM_track_1l9_L_Nz	/models/TSM_track_1l9_L_Nz.gltf
TSM_track_1l9_L_Pr	/models/TSM_track_1l9_L_Pr.gltf
TSM_track_1l9_R_Nz	/models/TSM_track_1l9_R_Nz.gltf
TSM_track_1l9_R_Pr	/models/TSM_track_1l9_R_Pr.gltf
field0L	/models/poleL2.gltf
field0R	/models/poleR2.gltf
field1L	/models/poleL_pole1.gltf
field1R	/models/poleR_pole1.gltf
field2L	/models/poleL_pole2.gltf
field2R	/models/poleR_pole2.gltf
field3L	/models/poleL1.gltf
field3R	/models/poleR1.gltf
field5L	/models/poleL_pole5.gltf
field5R	/models/poleR_pole5.gltf
field6L	/models/poleL3.gltf
field6R	/models/poleR3.gltf
izol_obr	/models/izol_obr.gltf
izol_pram	/models/izol_pram.gltf
op_kerch	/models/op_kerch.gltf
opk-500l2	/models/opk-500l2.gltf
opk-500r2	/models/opk-500r2.gltf
opk1l	/models/opk1l.gltf
opk1l2	/models/opk1l2.gltf
opk1l3	/models/opk1l3.gltf
opk1l4	/models/opk1l4.gltf
opk1l5	/models/opk1l5.gltf
opk1l6	/models/opk1l6.gltf
opk1l6k	/models/opk1l6k.gltf
opk1l7	/models/opk1l7.gltf
opk1r	/models/opk1r.gltf
opk1r2	/models/opk1r2.gltf
opk1r3	/models/opk1r3.gltf
opk1r4	/models/opk1r4.gltf
opk1r5	/models/opk1r5.gltf
opk1r6	/models/opk1r6.gltf
opk1r6k	/models/opk1r6k.gltf
opk1r7	/models/opk1r7.gltf
opk500l2	/models/opk500l2.gltf
opk500r2	/models/opk500r2.gltf
opk_NVankerL	/models/opk_NVankerL.gltf
opk_NVankerR	/models/opk_NVankerR.gltf
opk_ankerL	/models/opk_ankerL.gltf
opk_ankerL1	/models/opk_ankerL1.gltf
opk_ankerL1_	/models/opk_ankerL1_.gltf
opk_ankerL4	/models/opk_ankerL4.gltf
opk_ankerR	/models/opk_ankerR.gltf
opk_ankerR1	/models/opk_ankerR1.gltf
opk_ankerR1_	/models/opk_ankerR1_.gltf
opk_ankerR4	/models/opk_ankerR4.gltf
opk_anker_ntL	/models/opk_anker_ntL.gltf
opk_anker_ntR	/models/opk_anker_ntR.gltf
opkl	/models/opkl_KontSet_1.gltf
opkl1	/models/opkl_KontSet_4.gltf
opkl2	/models/opkl2.gltf
opkl6	/models/opkl6.gltf
opkl_m	/models/opkl_m.gltf
opkr	/models/opkr_KontSet_1.gltf
opkr1	/models/opkr_KontSet_4.gltf
opkr2	/models/opkr2.gltf
opkr6	/models/opkr6.gltf
opkr_m	/models/opkr_m.gltf
opors_stolb	/models/opors_stolb.gltf
opors_stolb_1	/models/opors_stolb_1.gltf
ost_lok	/models/Znak_OstLoc.gltf
ost_wag	/models/Znak_OstVag.gltf
platform_rus_-1l	/models/platform_rus_-1l.gltf
platform_rus_-1r	/models/platform_rus_-1r.gltf
platform_rus_1l	/models/platform_rus_1l.gltf
platform_rus_1l50	/models/platform_rus_1l50.gltf
platform_rus_1r	/models/platform_rus_1r.gltf
platform_rus_1r50	/models/platform_rus_1r50.gltf
platform_rus_2l	/models/platform_rus_2l.gltf
platform_rus_2l50	/models/platform_rus_2l50.gltf
platform_rus_2r	/models/platform_rus_2r.gltf
platform_rus_2r50	/models/platform_rus_2r50.gltf
platform_rus_l	/models/platform_rus_l.gltf
platform_rus_l50	/models/platform_rus_l50.gltf
platform_rus_r	/models/platform_rus_r.gltf
platform_rus_r50	/models/platform_rus_r50.gltf
s_board1	/models/Znak_S_KM_ZnakSignal.gltf
s_board2	/models/Znak_S_KM_ZnakSignal.gltf
s_board3	/models/Znak_S_.gltf
signal_enter	/models/signal_enter.gltf
signal_exit	/models/signal_exit.gltf
signal_line	/models/signal_line_1.gltf
signal_pred	/models/signal_pred.gltf
sigznak_NV	/models/sigznak_NV.gltf
sigznak_NV1l	/models/sigznak_NV1l.gltf
sigznak_NV1r	/models/sigznak_NV1r.gltf
sigznak_NV2l	/models/sigznak_NV2l.gltf
sigznak_NV2r	/models/sigznak_NV2r.gltf
sigznak_NV3l	/models/sigznak_NV3l.gltf
sigznak_NV3r	/models/sigznak_NV3r.gltf
str_k	/models/str_k.gltf
str_tr	/models/str_tr.gltf
tupik	/models/tupik.gltf
v_forest26l	/models/v_forest26l.gltf
v_forest26r	/models/v_forest26r.gltf
v_forest27l	/models/v_forest27l.gltf
v_forest27r	/models/v_forest27r.gltf
v_forest28l	/models/v_forest28l.gltf
v_forest28r	/models/v_forest28r.gltf
v_forest9l	/models/v_forest9_v_tree9.gltf
v_forest9r	/models/v_forest9_v_tree9.gltf
v_grass3l	/models/grass3l.gltf
v_grass3r	/models/grass3r.gltf
wire-500l	/models/wire-500r_KontSet_1.gltf
wire-500r	/models/wire-500r_KontSet_1.gltf
wire25k_pram	/models/wire25k_pram.gltf
wire25n_pram	/models/wire25n_pram.gltf
wire500l	/models/wire500l_KontSet_1.gltf
wire500r	/models/wire500l_KontSet_1.gltf
wire50k	/models/wire50k.gltf
wire50k_pram	/models/wire50k_pram.gltf
wire50k_switch	/models/wire50k_switch.gltf
wire50kx	/models/wire50kx.gltf
wire50n	/models/wire50n.gltf
wire50n_pram	/models/wire50n_pram.gltf
wire50n_switch	/models/wire50n_switch.gltf
wire50nx	/models/wire50nx.gltf
wire52k_pram	/models/wire52k_pram.gltf
wire52n_pram	/models/wire52n_pram.gltf
wire54k_pram	/models/wire54k_pram.gltf
wire54n_pram	/models/wire54n_pram.gltf
wire56k_pram	/models/wire56k_pram.gltf
wire56n_pram	/models/wire56n_pram.gltf
wirel	/models/wire.gltf
znak_probaKT	/models/Znak_KT.gltf
znak_probaT	/models/Znak_NT.gltf
